Archive member included to satisfy reference by file (symbol)

c:/program files (x86)/atmel/studio/7.0/toolchain/avr8/avr8-gnu-toolchain/bin/../lib/gcc/avr/5.4.0/avr5\libgcc.a(_exit.o)
                              C:/Program Files (x86)/Atmel/Studio/7.0/Packs/atmel/ATmega_DFP/1.2.150/gcc/dev/atmega32/avr5/crtatmega32.o (exit)
c:/program files (x86)/atmel/studio/7.0/toolchain/avr8/avr8-gnu-toolchain/bin/../lib/gcc/avr/5.4.0/avr5\libgcc.a(_copy_data.o)
                              Authentication.o (__do_copy_data)
c:/program files (x86)/atmel/studio/7.0/toolchain/avr8/avr8-gnu-toolchain/bin/../lib/gcc/avr/5.4.0/avr5\libgcc.a(_clear_bss.o)
                              Authentication.o (__do_clear_bss)

Discarded input sections

 .data          0x00000000        0x0 C:/Program Files (x86)/Atmel/Studio/7.0/Packs/atmel/ATmega_DFP/1.2.150/gcc/dev/atmega32/avr5/crtatmega32.o
 .bss           0x00000000        0x0 C:/Program Files (x86)/Atmel/Studio/7.0/Packs/atmel/ATmega_DFP/1.2.150/gcc/dev/atmega32/avr5/crtatmega32.o
 .text          0x00000000        0x0 Authentication.o
 .data          0x00000000        0x0 Authentication.o
 .bss           0x00000000        0x0 Authentication.o
 .text          0x00000000        0x0 SPI.o
 .data          0x00000000        0x0 SPI.o
 .bss           0x00000000        0x0 SPI.o
 .text.spi_master_rx
                0x00000000        0x8 SPI.o
 .text.spi_slave_tx
                0x00000000        0x8 SPI.o
 .text.spi_slave_rx
                0x00000000        0x8 SPI.o
 .text          0x00000000        0x0 GPIO.o
 .data          0x00000000        0x0 GPIO.o
 .bss           0x00000000        0x0 GPIO.o
 .text.SetPortDirection
                0x00000000        0x8 GPIO.o
 .text.Port_Write
                0x00000000        0x8 GPIO.o
 .text.Port_Read
                0x00000000        0x8 GPIO.o
 .text          0x00000000        0x0 Gpio_Crazy.o
 .data          0x00000000        0x0 Gpio_Crazy.o
 .bss           0x00000000        0x0 Gpio_Crazy.o
 .text          0x00000000        0x0 USART.o
 .data          0x00000000        0x0 USART.o
 .bss           0x00000000        0x0 USART.o
 .text.Uart_SendByte
                0x00000000        0x8 USART.o
 .text.Uart_ReadByte
                0x00000000        0x8 USART.o
 .text.Uart_TxInterruptEnable
                0x00000000        0xc USART.o
 .text.Uart_TxinterruptDisable
                0x00000000        0x4 USART.o
 .text          0x00000000        0x0 Remot_control.o
 .data          0x00000000        0x0 Remot_control.o
 .bss           0x00000000        0x0 Remot_control.o
 .text          0x00000000        0x0 eeprom.o
 .data          0x00000000        0x0 eeprom.o
 .bss           0x00000000        0x0 eeprom.o
 .text          0x00000000        0x0 time_mang_unit.o
 .data          0x00000000        0x0 time_mang_unit.o
 .bss           0x00000000        0x0 time_mang_unit.o
 .text          0x00000000        0x0 kpad_driver.o
 .data          0x00000000        0x0 kpad_driver.o
 .bss           0x00000000        0x0 kpad_driver.o
 .text          0x00000000        0x0 lcd.o
 .data          0x00000000        0x0 lcd.o
 .bss           0x00000000        0x0 lcd.o
 .text          0x00000000        0x0 main.o
 .data          0x00000000        0x0 main.o
 .bss           0x00000000        0x0 main.o
 .bss.lcd_semphore
                0x00000000        0x1 main.o
 .text          0x00000000        0x0 c:/program files (x86)/atmel/studio/7.0/toolchain/avr8/avr8-gnu-toolchain/bin/../lib/gcc/avr/5.4.0/avr5\libgcc.a(_exit.o)
 .data          0x00000000        0x0 c:/program files (x86)/atmel/studio/7.0/toolchain/avr8/avr8-gnu-toolchain/bin/../lib/gcc/avr/5.4.0/avr5\libgcc.a(_exit.o)
 .bss           0x00000000        0x0 c:/program files (x86)/atmel/studio/7.0/toolchain/avr8/avr8-gnu-toolchain/bin/../lib/gcc/avr/5.4.0/avr5\libgcc.a(_exit.o)
 .text.libgcc.mul
                0x00000000        0x0 c:/program files (x86)/atmel/studio/7.0/toolchain/avr8/avr8-gnu-toolchain/bin/../lib/gcc/avr/5.4.0/avr5\libgcc.a(_exit.o)
 .text.libgcc.div
                0x00000000        0x0 c:/program files (x86)/atmel/studio/7.0/toolchain/avr8/avr8-gnu-toolchain/bin/../lib/gcc/avr/5.4.0/avr5\libgcc.a(_exit.o)
 .text.libgcc   0x00000000        0x0 c:/program files (x86)/atmel/studio/7.0/toolchain/avr8/avr8-gnu-toolchain/bin/../lib/gcc/avr/5.4.0/avr5\libgcc.a(_exit.o)
 .text.libgcc.prologue
                0x00000000        0x0 c:/program files (x86)/atmel/studio/7.0/toolchain/avr8/avr8-gnu-toolchain/bin/../lib/gcc/avr/5.4.0/avr5\libgcc.a(_exit.o)
 .text.libgcc.builtins
                0x00000000        0x0 c:/program files (x86)/atmel/studio/7.0/toolchain/avr8/avr8-gnu-toolchain/bin/../lib/gcc/avr/5.4.0/avr5\libgcc.a(_exit.o)
 .text.libgcc.fmul
                0x00000000        0x0 c:/program files (x86)/atmel/studio/7.0/toolchain/avr8/avr8-gnu-toolchain/bin/../lib/gcc/avr/5.4.0/avr5\libgcc.a(_exit.o)
 .text.libgcc.fixed
                0x00000000        0x0 c:/program files (x86)/atmel/studio/7.0/toolchain/avr8/avr8-gnu-toolchain/bin/../lib/gcc/avr/5.4.0/avr5\libgcc.a(_exit.o)
 .text          0x00000000        0x0 c:/program files (x86)/atmel/studio/7.0/toolchain/avr8/avr8-gnu-toolchain/bin/../lib/gcc/avr/5.4.0/avr5\libgcc.a(_copy_data.o)
 .data          0x00000000        0x0 c:/program files (x86)/atmel/studio/7.0/toolchain/avr8/avr8-gnu-toolchain/bin/../lib/gcc/avr/5.4.0/avr5\libgcc.a(_copy_data.o)
 .bss           0x00000000        0x0 c:/program files (x86)/atmel/studio/7.0/toolchain/avr8/avr8-gnu-toolchain/bin/../lib/gcc/avr/5.4.0/avr5\libgcc.a(_copy_data.o)
 .text.libgcc.mul
                0x00000000        0x0 c:/program files (x86)/atmel/studio/7.0/toolchain/avr8/avr8-gnu-toolchain/bin/../lib/gcc/avr/5.4.0/avr5\libgcc.a(_copy_data.o)
 .text.libgcc.div
                0x00000000        0x0 c:/program files (x86)/atmel/studio/7.0/toolchain/avr8/avr8-gnu-toolchain/bin/../lib/gcc/avr/5.4.0/avr5\libgcc.a(_copy_data.o)
 .text.libgcc   0x00000000        0x0 c:/program files (x86)/atmel/studio/7.0/toolchain/avr8/avr8-gnu-toolchain/bin/../lib/gcc/avr/5.4.0/avr5\libgcc.a(_copy_data.o)
 .text.libgcc.prologue
                0x00000000        0x0 c:/program files (x86)/atmel/studio/7.0/toolchain/avr8/avr8-gnu-toolchain/bin/../lib/gcc/avr/5.4.0/avr5\libgcc.a(_copy_data.o)
 .text.libgcc.builtins
                0x00000000        0x0 c:/program files (x86)/atmel/studio/7.0/toolchain/avr8/avr8-gnu-toolchain/bin/../lib/gcc/avr/5.4.0/avr5\libgcc.a(_copy_data.o)
 .text.libgcc.fmul
                0x00000000        0x0 c:/program files (x86)/atmel/studio/7.0/toolchain/avr8/avr8-gnu-toolchain/bin/../lib/gcc/avr/5.4.0/avr5\libgcc.a(_copy_data.o)
 .text.libgcc.fixed
                0x00000000        0x0 c:/program files (x86)/atmel/studio/7.0/toolchain/avr8/avr8-gnu-toolchain/bin/../lib/gcc/avr/5.4.0/avr5\libgcc.a(_copy_data.o)
 .text          0x00000000        0x0 c:/program files (x86)/atmel/studio/7.0/toolchain/avr8/avr8-gnu-toolchain/bin/../lib/gcc/avr/5.4.0/avr5\libgcc.a(_clear_bss.o)
 .data          0x00000000        0x0 c:/program files (x86)/atmel/studio/7.0/toolchain/avr8/avr8-gnu-toolchain/bin/../lib/gcc/avr/5.4.0/avr5\libgcc.a(_clear_bss.o)
 .bss           0x00000000        0x0 c:/program files (x86)/atmel/studio/7.0/toolchain/avr8/avr8-gnu-toolchain/bin/../lib/gcc/avr/5.4.0/avr5\libgcc.a(_clear_bss.o)
 .text.libgcc.mul
                0x00000000        0x0 c:/program files (x86)/atmel/studio/7.0/toolchain/avr8/avr8-gnu-toolchain/bin/../lib/gcc/avr/5.4.0/avr5\libgcc.a(_clear_bss.o)
 .text.libgcc.div
                0x00000000        0x0 c:/program files (x86)/atmel/studio/7.0/toolchain/avr8/avr8-gnu-toolchain/bin/../lib/gcc/avr/5.4.0/avr5\libgcc.a(_clear_bss.o)
 .text.libgcc   0x00000000        0x0 c:/program files (x86)/atmel/studio/7.0/toolchain/avr8/avr8-gnu-toolchain/bin/../lib/gcc/avr/5.4.0/avr5\libgcc.a(_clear_bss.o)
 .text.libgcc.prologue
                0x00000000        0x0 c:/program files (x86)/atmel/studio/7.0/toolchain/avr8/avr8-gnu-toolchain/bin/../lib/gcc/avr/5.4.0/avr5\libgcc.a(_clear_bss.o)
 .text.libgcc.builtins
                0x00000000        0x0 c:/program files (x86)/atmel/studio/7.0/toolchain/avr8/avr8-gnu-toolchain/bin/../lib/gcc/avr/5.4.0/avr5\libgcc.a(_clear_bss.o)
 .text.libgcc.fmul
                0x00000000        0x0 c:/program files (x86)/atmel/studio/7.0/toolchain/avr8/avr8-gnu-toolchain/bin/../lib/gcc/avr/5.4.0/avr5\libgcc.a(_clear_bss.o)
 .text.libgcc.fixed
                0x00000000        0x0 c:/program files (x86)/atmel/studio/7.0/toolchain/avr8/avr8-gnu-toolchain/bin/../lib/gcc/avr/5.4.0/avr5\libgcc.a(_clear_bss.o)

Memory Configuration

Name             Origin             Length             Attributes
text             0x00000000         0x00020000         xr
data             0x00800060         0x0000ffa0         rw !x
eeprom           0x00810000         0x00010000         rw !x
fuse             0x00820000         0x00000002         rw !x
lock             0x00830000         0x00000400         rw !x
signature        0x00840000         0x00000400         rw !x
user_signatures  0x00850000         0x00000400         rw !x
*default*        0x00000000         0xffffffff

Linker script and memory map

LOAD C:/Program Files (x86)/Atmel/Studio/7.0/Packs/atmel/ATmega_DFP/1.2.150/gcc/dev/atmega32/avr5/crtatmega32.o
LOAD Authentication.o
LOAD SPI.o
LOAD GPIO.o
LOAD Gpio_Crazy.o
LOAD USART.o
LOAD Remot_control.o
LOAD eeprom.o
LOAD time_mang_unit.o
LOAD kpad_driver.o
LOAD lcd.o
LOAD main.o
START GROUP
LOAD c:/program files (x86)/atmel/studio/7.0/toolchain/avr8/avr8-gnu-toolchain/bin/../lib/gcc/avr/5.4.0/../../../../avr/lib/avr5\libm.a
END GROUP
START GROUP
LOAD c:/program files (x86)/atmel/studio/7.0/toolchain/avr8/avr8-gnu-toolchain/bin/../lib/gcc/avr/5.4.0/avr5\libgcc.a
LOAD c:/program files (x86)/atmel/studio/7.0/toolchain/avr8/avr8-gnu-toolchain/bin/../lib/gcc/avr/5.4.0/../../../../avr/lib/avr5\libm.a
LOAD c:/program files (x86)/atmel/studio/7.0/toolchain/avr8/avr8-gnu-toolchain/bin/../lib/gcc/avr/5.4.0/../../../../avr/lib/avr5\libc.a
LOAD C:/Program Files (x86)/Atmel/Studio/7.0/Packs/atmel/ATmega_DFP/1.2.150/gcc/dev/atmega32/avr5\libatmega32.a
END GROUP
                0x00020000                __TEXT_REGION_LENGTH__ = DEFINED (__TEXT_REGION_LENGTH__)?__TEXT_REGION_LENGTH__:0x20000
                0x0000ffa0                __DATA_REGION_LENGTH__ = DEFINED (__DATA_REGION_LENGTH__)?__DATA_REGION_LENGTH__:0xffa0
                0x00010000                __EEPROM_REGION_LENGTH__ = DEFINED (__EEPROM_REGION_LENGTH__)?__EEPROM_REGION_LENGTH__:0x10000
                [0x00000002]                __FUSE_REGION_LENGTH__ = DEFINED (__FUSE_REGION_LENGTH__)?__FUSE_REGION_LENGTH__:0x400
                0x00000400                __LOCK_REGION_LENGTH__ = DEFINED (__LOCK_REGION_LENGTH__)?__LOCK_REGION_LENGTH__:0x400
                0x00000400                __SIGNATURE_REGION_LENGTH__ = DEFINED (__SIGNATURE_REGION_LENGTH__)?__SIGNATURE_REGION_LENGTH__:0x400
                0x00000400                __USER_SIGNATURE_REGION_LENGTH__ = DEFINED (__USER_SIGNATURE_REGION_LENGTH__)?__USER_SIGNATURE_REGION_LENGTH__:0x400

.hash
 *(.hash)

.dynsym
 *(.dynsym)

.dynstr
 *(.dynstr)

.gnu.version
 *(.gnu.version)

.gnu.version_d
 *(.gnu.version_d)

.gnu.version_r
 *(.gnu.version_r)

.rel.init
 *(.rel.init)

.rela.init
 *(.rela.init)

.rel.text
 *(.rel.text)
 *(.rel.text.*)
 *(.rel.gnu.linkonce.t*)

.rela.text
 *(.rela.text)
 *(.rela.text.*)
 *(.rela.gnu.linkonce.t*)

.rel.fini
 *(.rel.fini)

.rela.fini
 *(.rela.fini)

.rel.rodata
 *(.rel.rodata)
 *(.rel.rodata.*)
 *(.rel.gnu.linkonce.r*)

.rela.rodata
 *(.rela.rodata)
 *(.rela.rodata.*)
 *(.rela.gnu.linkonce.r*)

.rel.data
 *(.rel.data)
 *(.rel.data.*)
 *(.rel.gnu.linkonce.d*)

.rela.data
 *(.rela.data)
 *(.rela.data.*)
 *(.rela.gnu.linkonce.d*)

.rel.ctors
 *(.rel.ctors)

.rela.ctors
 *(.rela.ctors)

.rel.dtors
 *(.rel.dtors)

.rela.dtors
 *(.rela.dtors)

.rel.got
 *(.rel.got)

.rela.got
 *(.rela.got)

.rel.bss
 *(.rel.bss)

.rela.bss
 *(.rela.bss)

.rel.plt
 *(.rel.plt)

.rela.plt
 *(.rela.plt)

.text           0x00000000     0x121c
 *(.vectors)
 .vectors       0x00000000       0x54 C:/Program Files (x86)/Atmel/Studio/7.0/Packs/atmel/ATmega_DFP/1.2.150/gcc/dev/atmega32/avr5/crtatmega32.o
                0x00000000                __vector_default
                0x00000000                __vectors
 *(.vectors)
 *(.progmem.gcc*)
                0x00000054                . = ALIGN (0x2)
                0x00000054                __trampolines_start = .
 *(.trampolines)
 .trampolines   0x00000054        0x0 linker stubs
 *(.trampolines*)
                0x00000054                __trampolines_end = .
 *libprintf_flt.a:*(.progmem.data)
 *libc.a:*(.progmem.data)
 *(.progmem*)
                0x00000054                . = ALIGN (0x2)
 *(.jumptables)
 *(.jumptables*)
 *(.lowtext)
 *(.lowtext*)
                0x00000054                __ctors_start = .
 *(.ctors)
                0x00000054                __ctors_end = .
                0x00000054                __dtors_start = .
 *(.dtors)
                0x00000054                __dtors_end = .
 SORT(*)(.ctors)
 SORT(*)(.dtors)
 *(.init0)
 .init0         0x00000054        0x0 C:/Program Files (x86)/Atmel/Studio/7.0/Packs/atmel/ATmega_DFP/1.2.150/gcc/dev/atmega32/avr5/crtatmega32.o
                0x00000054                __init
 *(.init0)
 *(.init1)
 *(.init1)
 *(.init2)
 .init2         0x00000054        0xc C:/Program Files (x86)/Atmel/Studio/7.0/Packs/atmel/ATmega_DFP/1.2.150/gcc/dev/atmega32/avr5/crtatmega32.o
 *(.init2)
 *(.init3)
 *(.init3)
 *(.init4)
 .init4         0x00000060       0x16 c:/program files (x86)/atmel/studio/7.0/toolchain/avr8/avr8-gnu-toolchain/bin/../lib/gcc/avr/5.4.0/avr5\libgcc.a(_copy_data.o)
                0x00000060                __do_copy_data
 .init4         0x00000076       0x10 c:/program files (x86)/atmel/studio/7.0/toolchain/avr8/avr8-gnu-toolchain/bin/../lib/gcc/avr/5.4.0/avr5\libgcc.a(_clear_bss.o)
                0x00000076                __do_clear_bss
 *(.init4)
 *(.init5)
 *(.init5)
 *(.init6)
 *(.init6)
 *(.init7)
 *(.init7)
 *(.init8)
 *(.init8)
 *(.init9)
 .init9         0x00000086        0x8 C:/Program Files (x86)/Atmel/Studio/7.0/Packs/atmel/ATmega_DFP/1.2.150/gcc/dev/atmega32/avr5/crtatmega32.o
 *(.init9)
 *(.text)
 .text          0x0000008e        0x4 C:/Program Files (x86)/Atmel/Studio/7.0/Packs/atmel/ATmega_DFP/1.2.150/gcc/dev/atmega32/avr5/crtatmega32.o
                0x0000008e                __vector_1
                0x0000008e                __vector_12
                0x0000008e                __bad_interrupt
                0x0000008e                __vector_6
                0x0000008e                __vector_3
                0x0000008e                __vector_17
                0x0000008e                __vector_19
                0x0000008e                __vector_7
                0x0000008e                __vector_5
                0x0000008e                __vector_4
                0x0000008e                __vector_9
                0x0000008e                __vector_2
                0x0000008e                __vector_15
                0x0000008e                __vector_8
                0x0000008e                __vector_10
                0x0000008e                __vector_16
                0x0000008e                __vector_18
                0x0000008e                __vector_20
                0x00000092                . = ALIGN (0x2)
 *(.text.*)
 .text.Buffer_Password
                0x00000092       0xa0 Authentication.o
 .text.Give_UserNewTry
                0x00000132       0x64 Authentication.o
 .text.One_SecondFinish
                0x00000196       0x82 Authentication.o
 .text.Change_PasswordCs
                0x00000218       0x6c Authentication.o
                0x00000218                Change_PasswordCs
 .text.Change_password
                0x00000284       0x72 Authentication.o
                0x00000284                Change_password
 .text.Authentication_Dispatcher
                0x000002f6      0x278 Authentication.o
                0x000002f6                Authentication_Dispatcher
 .text.System_LogIn
                0x0000056e       0x5e Authentication.o
                0x0000056e                System_LogIn
 .text.spi_init
                0x000005cc       0x48 SPI.o
                0x000005cc                spi_init
 .text.spi_master_tx
                0x00000614        0x8 SPI.o
                0x00000614                spi_master_tx
 .text.SetPinDirection
                0x0000061c      0x102 GPIO.o
                0x0000061c                SetPinDirection
 .text.digitalWrite
                0x0000071e      0x102 GPIO.o
                0x0000071e                digitalWrite
 .text.digitalRead
                0x00000820       0x6e GPIO.o
                0x00000820                digitalRead
 .text.BunchPins_Write
                0x0000088e       0x3a Gpio_Crazy.o
                0x0000088e                BunchPins_Write
 .text.gpio_spi_cng_master
                0x000008c8       0x22 Gpio_Crazy.o
                0x000008c8                gpio_spi_cng_master
 .text.__vector_14
                0x000008ea       0x4e USART.o
                0x000008ea                __vector_14
 .text.__vector_13
                0x00000938       0x50 USART.o
                0x00000938                __vector_13
 .text.Uart_init
                0x00000988       0x12 USART.o
                0x00000988                Uart_init
 .text.Uart_RxInterruptEnable
                0x0000099a        0xc USART.o
                0x0000099a                Uart_RxInterruptEnable
 .text.new_DataRx
                0x000009a6       0x24 Remot_control.o
 .text.get_mode
                0x000009ca       0x5c Remot_control.o
 .text.Remot_controlMode
                0x00000a26       0x46 Remot_control.o
                0x00000a26                Remot_controlMode
 .text.live_controlDisspatcher
                0x00000a6c      0x102 Remot_control.o
                0x00000a6c                live_controlDisspatcher
 .text.EEPROM_read
                0x00000b6e        0xe eeprom.o
                0x00000b6e                EEPROM_read
 .text.EEPROM_write
                0x00000b7c       0x10 eeprom.o
                0x00000b7c                EEPROM_write
 .text.__vector_11
                0x00000b8c       0x7e time_mang_unit.o
                0x00000b8c                __vector_11
 .text.TMU_init
                0x00000c0a       0x16 time_mang_unit.o
                0x00000c0a                TMU_init
 .text.Creat_NewEvent
                0x00000c20       0x74 time_mang_unit.o
                0x00000c20                Creat_NewEvent
 .text.end_event
                0x00000c94       0x18 time_mang_unit.o
                0x00000c94                end_event
 .text.TMU_DeInit
                0x00000cac        0x8 time_mang_unit.o
                0x00000cac                TMU_DeInit
 .text.TMU_Dispatcher
                0x00000cb4       0x78 time_mang_unit.o
                0x00000cb4                TMU_Dispatcher
 .text.kpad_init
                0x00000d2c       0x42 kpad_driver.o
                0x00000d2c                kpad_init
 .text.keyPad_dispatcher
                0x00000d6e      0x1f4 kpad_driver.o
                0x00000d6e                keyPad_dispatcher
 .text.Change_CallBackfunction
                0x00000f62        0xa kpad_driver.o
                0x00000f62                Change_CallBackfunction
 .text.kick     0x00000f6c       0x82 lcd.o
 .text.lcd_cmd  0x00000fee       0x3a lcd.o
                0x00000fee                lcd_cmd
 .text.lcd_chr  0x00001028       0x3a lcd.o
                0x00001028                lcd_chr
 .text.lcd_clear
                0x00001062        0x8 lcd.o
                0x00001062                lcd_clear
 .text.lcd_goto
                0x0000106a       0x38 lcd.o
                0x0000106a                lcd_goto
 .text.lcd_init
                0x000010a2       0x78 lcd.o
                0x000010a2                lcd_init
 .text.lcd_str  0x0000111a       0x4e lcd.o
                0x0000111a                lcd_str
 .text.Get_option
                0x00001168       0x22 main.o
                0x00001168                Get_option
 .text.system_init
                0x0000118a       0x1a main.o
                0x0000118a                system_init
 .text.system_options
                0x000011a4       0x28 main.o
                0x000011a4                system_options
 .text.main     0x000011cc       0x4c main.o
                0x000011cc                main
                0x00001218                . = ALIGN (0x2)
 *(.fini9)
 .fini9         0x00001218        0x0 c:/program files (x86)/atmel/studio/7.0/toolchain/avr8/avr8-gnu-toolchain/bin/../lib/gcc/avr/5.4.0/avr5\libgcc.a(_exit.o)
                0x00001218                _exit
                0x00001218                exit
 *(.fini9)
 *(.fini8)
 *(.fini8)
 *(.fini7)
 *(.fini7)
 *(.fini6)
 *(.fini6)
 *(.fini5)
 *(.fini5)
 *(.fini4)
 *(.fini4)
 *(.fini3)
 *(.fini3)
 *(.fini2)
 *(.fini2)
 *(.fini1)
 *(.fini1)
 *(.fini0)
 .fini0         0x00001218        0x4 c:/program files (x86)/atmel/studio/7.0/toolchain/avr8/avr8-gnu-toolchain/bin/../lib/gcc/avr/5.4.0/avr5\libgcc.a(_exit.o)
 *(.fini0)
                0x0000121c                _etext = .

.data           0x00800060      0x1f4 load address 0x0000121c
                0x00800060                PROVIDE (__data_start, .)
 *(.data)
 *(.data*)
 .data.my_spi   0x00800060        0x6 Remot_control.o
                0x00800060                my_spi
 .data.mykeypad
                0x00800066        0x7 main.o
                0x00800066                mykeypad
 .data.mylcd    0x0080006d        0x6 main.o
                0x0080006d                mylcd
 *(.gnu.linkonce.d*)
 *(.rodata)
 .rodata        0x00800073        0x6 Authentication.o
 *(.rodata*)
 .rodata.str1.1
                0x00800079      0x11b Authentication.o
 .rodata.str1.1
                0x00800194       0x85 Remot_control.o
                                 0xa0 (size before relaxing)
 .rodata.str1.1
                0x00800219       0x3b main.o
 *(.gnu.linkonce.r*)
                0x00800254                . = ALIGN (0x2)
                0x00800254                _edata = .
                0x00800254                PROVIDE (__data_end, .)

.bss            0x00800254       0x36
                0x00800254                PROVIDE (__bss_start, .)
 *(.bss)
 *(.bss*)
 .bss.Au_status
                0x00800254        0x1 Authentication.o
 .bss.Change_PasswordSemphore
                0x00800255        0x1 Authentication.o
 .bss.handler   0x00800256        0x1 Authentication.o
 .bss.num_S2    0x00800257        0x1 Authentication.o
 .bss.num_S1    0x00800258        0x1 Authentication.o
 .bss.confirm_passwordCs
                0x00800259        0x4 Authentication.o
 .bss.Input_PasswordCs
                0x0080025d        0x4 Authentication.o
 .bss.buffer_index
                0x00800261        0x1 Authentication.o
 .bss.ptr_CallBackfnUartRx
                0x00800262        0x2 USART.o
 .bss.ptr_CallBackfnUartTx
                0x00800264        0x2 USART.o
 .bss.counter   0x00800266        0x1 Remot_control.o
 .bss.data_rx   0x00800267        0x2 Remot_control.o
 .bss.S_handler
                0x00800269        0x1 time_mang_unit.o
 .bss.Event_Remainder
                0x0080026a        0x6 time_mang_unit.o
 .bss.Event_ConfgBuffer
                0x00800270       0x12 time_mang_unit.o
 .bss.ptr_CallBackFun
                0x00800282        0x2 kpad_driver.o
 .bss.Live_ControlSemphore
                0x00800284        0x1 main.o
                0x00800284                Live_ControlSemphore
 .bss.authentication_DispatcherSemphore
                0x00800285        0x1 main.o
                0x00800285                authentication_DispatcherSemphore
 .bss.TMU_semphore
                0x00800286        0x1 main.o
                0x00800286                TMU_semphore
 .bss.SYSTEM_OPTIONS_flag
                0x00800287        0x1 main.o
                0x00800287                SYSTEM_OPTIONS_flag
 .bss.System_logged
                0x00800288        0x1 main.o
                0x00800288                System_logged
 .bss.Keypad_semphore
                0x00800289        0x1 main.o
                0x00800289                Keypad_semphore
 *(COMMON)
                0x0080028a                PROVIDE (__bss_end, .)
                0x0000121c                __data_load_start = LOADADDR (.data)
                0x00001410                __data_load_end = (__data_load_start + SIZEOF (.data))

.noinit         0x0080028a        0x0
                [!provide]                PROVIDE (__noinit_start, .)
 *(.noinit*)
                [!provide]                PROVIDE (__noinit_end, .)
                0x0080028a                _end = .
                [!provide]                PROVIDE (__heap_start, .)

.eeprom         0x00810000        0x0
 *(.eeprom*)
                0x00810000                __eeprom_end = .

.fuse
 *(.fuse)
 *(.lfuse)
 *(.hfuse)
 *(.efuse)

.lock
 *(.lock*)

.signature
 *(.signature*)

.user_signatures
 *(.user_signatures*)

.stab
 *(.stab)

.stabstr
 *(.stabstr)

.stab.excl
 *(.stab.excl)

.stab.exclstr
 *(.stab.exclstr)

.stab.index
 *(.stab.index)

.stab.indexstr
 *(.stab.indexstr)

.comment        0x00000000       0x30
 *(.comment)
 .comment       0x00000000       0x30 Authentication.o
                                 0x31 (size before relaxing)
 .comment       0x00000030       0x31 SPI.o
 .comment       0x00000030       0x31 GPIO.o
 .comment       0x00000030       0x31 Gpio_Crazy.o
 .comment       0x00000030       0x31 USART.o
 .comment       0x00000030       0x31 Remot_control.o
 .comment       0x00000030       0x31 eeprom.o
 .comment       0x00000030       0x31 time_mang_unit.o
 .comment       0x00000030       0x31 kpad_driver.o
 .comment       0x00000030       0x31 lcd.o
 .comment       0x00000030       0x31 main.o

.note.gnu.avr.deviceinfo
                0x00000000       0x3c
 .note.gnu.avr.deviceinfo
                0x00000000       0x3c C:/Program Files (x86)/Atmel/Studio/7.0/Packs/atmel/ATmega_DFP/1.2.150/gcc/dev/atmega32/avr5/crtatmega32.o

.note.gnu.build-id
 *(.note.gnu.build-id)

.debug
 *(.debug)

.line
 *(.line)

.debug_srcinfo
 *(.debug_srcinfo)

.debug_sfnames
 *(.debug_sfnames)

.debug_aranges  0x00000000      0x2b8
 *(.debug_aranges)
 .debug_aranges
                0x00000000       0x50 Authentication.o
 .debug_aranges
                0x00000050       0x40 SPI.o
 .debug_aranges
                0x00000090       0x48 GPIO.o
 .debug_aranges
                0x000000d8       0x28 Gpio_Crazy.o
 .debug_aranges
                0x00000100       0x58 USART.o
 .debug_aranges
                0x00000158       0x38 Remot_control.o
 .debug_aranges
                0x00000190       0x28 eeprom.o
 .debug_aranges
                0x000001b8       0x48 time_mang_unit.o
 .debug_aranges
                0x00000200       0x30 kpad_driver.o
 .debug_aranges
                0x00000230       0x50 lcd.o
 .debug_aranges
                0x00000280       0x38 main.o

.debug_pubnames
 *(.debug_pubnames)

.debug_info     0x00000000     0x313e
 *(.debug_info .gnu.linkonce.wi.*)
 .debug_info    0x00000000      0x4e6 C:/Program Files (x86)/Atmel/Studio/7.0/Packs/atmel/ATmega_DFP/1.2.150/gcc/dev/atmega32/avr5/crtatmega32.o
 .debug_info    0x000004e6      0xa92 Authentication.o
 .debug_info    0x00000f78      0x23d SPI.o
 .debug_info    0x000011b5      0x1eb GPIO.o
 .debug_info    0x000013a0      0x237 Gpio_Crazy.o
 .debug_info    0x000015d7      0x1ad USART.o
 .debug_info    0x00001784      0x77e Remot_control.o
 .debug_info    0x00001f02       0xdc eeprom.o
 .debug_info    0x00001fde      0x2de time_mang_unit.o
 .debug_info    0x000022bc      0x32d kpad_driver.o
 .debug_info    0x000025e9      0x6a7 lcd.o
 .debug_info    0x00002c90      0x4ae main.o

.debug_abbrev   0x00000000     0x12b9
 *(.debug_abbrev)
 .debug_abbrev  0x00000000      0x4a3 C:/Program Files (x86)/Atmel/Studio/7.0/Packs/atmel/ATmega_DFP/1.2.150/gcc/dev/atmega32/avr5/crtatmega32.o
 .debug_abbrev  0x000004a3      0x240 Authentication.o
 .debug_abbrev  0x000006e3       0xb9 SPI.o
 .debug_abbrev  0x0000079c       0xdf GPIO.o
 .debug_abbrev  0x0000087b       0xeb Gpio_Crazy.o
 .debug_abbrev  0x00000966       0xda USART.o
 .debug_abbrev  0x00000a40      0x1b6 Remot_control.o
 .debug_abbrev  0x00000bf6       0x8b eeprom.o
 .debug_abbrev  0x00000c81      0x192 time_mang_unit.o
 .debug_abbrev  0x00000e13      0x1d1 kpad_driver.o
 .debug_abbrev  0x00000fe4      0x1a4 lcd.o
 .debug_abbrev  0x00001188      0x131 main.o

.debug_line     0x00000000     0x1f1b
 *(.debug_line .debug_line.* .debug_line_end)
 .debug_line    0x00000000      0x115 C:/Program Files (x86)/Atmel/Studio/7.0/Packs/atmel/ATmega_DFP/1.2.150/gcc/dev/atmega32/avr5/crtatmega32.o
 .debug_line    0x00000115      0x5f6 Authentication.o
 .debug_line    0x0000070b      0x13f SPI.o
 .debug_line    0x0000084a      0x218 GPIO.o
 .debug_line    0x00000a62      0x149 Gpio_Crazy.o
 .debug_line    0x00000bab      0x227 USART.o
 .debug_line    0x00000dd2      0x489 Remot_control.o
 .debug_line    0x0000125b       0xf1 eeprom.o
 .debug_line    0x0000134c      0x27d time_mang_unit.o
 .debug_line    0x000015c9      0x298 kpad_driver.o
 .debug_line    0x00001861      0x3a1 lcd.o
 .debug_line    0x00001c02      0x319 main.o

.debug_frame    0x00000000      0x6b8
 *(.debug_frame)
 .debug_frame   0x00000000       0xc4 Authentication.o
 .debug_frame   0x000000c4       0x64 SPI.o
 .debug_frame   0x00000128       0x74 GPIO.o
 .debug_frame   0x0000019c       0x50 Gpio_Crazy.o
 .debug_frame   0x000001ec      0x124 USART.o
 .debug_frame   0x00000310       0x54 Remot_control.o
 .debug_frame   0x00000364       0x34 eeprom.o
 .debug_frame   0x00000398       0xf8 time_mang_unit.o
 .debug_frame   0x00000490       0xc4 kpad_driver.o
 .debug_frame   0x00000554      0x110 lcd.o
 .debug_frame   0x00000664       0x54 main.o

.debug_str      0x00000000      0xf86
 *(.debug_str)
 .debug_str     0x00000000      0x196 C:/Program Files (x86)/Atmel/Studio/7.0/Packs/atmel/ATmega_DFP/1.2.150/gcc/dev/atmega32/avr5/crtatmega32.o
 .debug_str     0x00000196      0x52a Authentication.o
                                0x57c (size before relaxing)
 .debug_str     0x000006c0      0x233 SPI.o
                                0x2f7 (size before relaxing)
 .debug_str     0x000008f3      0x134 GPIO.o
                                0x20a (size before relaxing)
 .debug_str     0x00000a27       0xb9 Gpio_Crazy.o
                                0x1d5 (size before relaxing)
 .debug_str     0x00000ae0      0x102 USART.o
                                0x21f (size before relaxing)
 .debug_str     0x00000be2      0x12f Remot_control.o
                                0x576 (size before relaxing)
 .debug_str     0x00000d11       0x28 eeprom.o
                                0x1a1 (size before relaxing)
 .debug_str     0x00000d39      0x107 time_mang_unit.o
                                0x2fa (size before relaxing)
 .debug_str     0x00000e40       0x92 kpad_driver.o
                                0x25e (size before relaxing)
 .debug_str     0x00000ed2       0x70 lcd.o
                                0x28a (size before relaxing)
 .debug_str     0x00000f42       0x44 main.o
                                0x37e (size before relaxing)

.debug_loc      0x00000000     0x1889
 *(.debug_loc)
 .debug_loc     0x00000000      0x379 Authentication.o
 .debug_loc     0x00000379       0x28 SPI.o
 .debug_loc     0x000003a1      0x3c1 GPIO.o
 .debug_loc     0x00000762      0x11e Gpio_Crazy.o
 .debug_loc     0x00000880      0x196 USART.o
 .debug_loc     0x00000a16       0xbe Remot_control.o
 .debug_loc     0x00000ad4       0x24 eeprom.o
 .debug_loc     0x00000af8      0x1fb time_mang_unit.o
 .debug_loc     0x00000cf3      0x464 kpad_driver.o
 .debug_loc     0x00001157      0x6df lcd.o
 .debug_loc     0x00001836       0x53 main.o

.debug_macinfo
 *(.debug_macinfo)

.debug_weaknames
 *(.debug_weaknames)

.debug_funcnames
 *(.debug_funcnames)

.debug_typenames
 *(.debug_typenames)

.debug_varnames
 *(.debug_varnames)

.debug_pubtypes
 *(.debug_pubtypes)

.debug_ranges   0x00000000      0x228
 *(.debug_ranges)
 .debug_ranges  0x00000000       0x40 Authentication.o
 .debug_ranges  0x00000040       0x30 SPI.o
 .debug_ranges  0x00000070       0x38 GPIO.o
 .debug_ranges  0x000000a8       0x18 Gpio_Crazy.o
 .debug_ranges  0x000000c0       0x48 USART.o
 .debug_ranges  0x00000108       0x28 Remot_control.o
 .debug_ranges  0x00000130       0x18 eeprom.o
 .debug_ranges  0x00000148       0x38 time_mang_unit.o
 .debug_ranges  0x00000180       0x40 kpad_driver.o
 .debug_ranges  0x000001c0       0x40 lcd.o
 .debug_ranges  0x00000200       0x28 main.o

.debug_macro
 *(.debug_macro)
OUTPUT(ECU_Master.elf elf32-avr)
LOAD linker stubs
